[2026-02-24T10:27:50.741Z] [UPDATE_STATUS] Error: `cookies` was called outside a request scope. Read more: https://nextjs.org/docs/messages/next-dynamic-api-wrong-context
[2026-03-31T13:35:03.866Z] [MNG_SOAP] START: Connecting directly to MNG Kargo for Order #1290
[2026-03-31T13:35:06.803Z] [MNG_SOAP] Sending SiparisGirisiDetayliV3 for Order 1290...
[2026-03-31T13:35:07.631Z] [MNG_SOAP] Fetching PDF Barcode for 1290...
[2026-03-31T13:35:08.331Z] [MNG_SOAP] Embedded error in ZPL: 1290 NO'LU SİPARİŞ KAYDI İÇİN VARIŞ ŞUBESİ BULUNAMAD
[2026-04-03T08:26:21.923Z] [MNG_SOAP] START: Connecting directly to MNG Kargo for Order #1339
[2026-04-03T08:26:26.037Z] [MNG_SOAP] Sending SiparisGirisiDetayliV3 for Order 1339...
[2026-04-03T08:26:27.181Z] [MNG_SOAP] Fetching PDF Barcode for 1339...
[2026-04-03T08:26:28.186Z] [MNG_SOAP] Embedded error in ZPL: 1339 NO'LU SİPARİŞ KAYDI İÇİN VARIŞ ŞUBESİ BULUNAMAD
[2026-04-04T06:46:29.669Z] [MNG_SOAP] START: Connecting directly to MNG Kargo for Order #108654
[2026-04-04T06:46:33.114Z] [MNG_SOAP] ERR: Order not found #108654
[2026-04-04T06:46:49.453Z] [MNG_SOAP] START: Connecting directly to MNG Kargo for Order #1352
[2026-04-04T06:46:52.131Z] [MNG_SOAP] Sending SiparisGirisiDetayliV3 for Order 1352...
[2026-04-04T06:46:52.896Z] [MNG_SOAP] Fetching PDF Barcode for 1352...
[2026-04-04T06:46:53.367Z] [MNG_SOAP] Success! Updating Order 1352. Tracking No: 666922898788
[2026-04-04T06:59:38.909Z] [MNG_SOAP] START: Connecting directly to MNG Kargo for Order #1351
[2026-04-04T06:59:41.825Z] [MNG_SOAP] Sending SiparisGirisiDetayliV3 for Order 1351...
[2026-04-04T06:59:42.527Z] [MNG_SOAP] Fetching PDF Barcode for 1351...
[2026-04-04T06:59:43.114Z] [MNG_SOAP] Embedded error in ZPL: 1351 NO'LU SİPARİŞ KAYDI İÇİN VARIŞ ŞUBESİ BULUNAMAD
[2026-04-04T07:08:22.291Z] [MNG_SOAP] START: Connecting directly to MNG Kargo for Order #1351
[2026-04-04T07:08:23.865Z] [MNG_SOAP] Sending SiparisGirisiDetayliV3 for Order 1351...
[2026-04-04T07:08:24.558Z] [MNG_SOAP] Fetching PDF Barcode for 1351...
[2026-04-04T07:08:24.967Z] [MNG_SOAP] Success! Updating Order 1351. Tracking No: 436066795090
[2026-04-04T08:15:04.056Z] [MNG_SOAP] START: Connecting directly to MNG Kargo for Order #1353
[2026-04-04T08:15:07.146Z] [MNG_SOAP] Sending SiparisGirisiDetayliV3 for Order 1353...
[2026-04-04T08:15:08.004Z] [MNG_SOAP] Fetching PDF Barcode for 1353...
[2026-04-04T08:15:09.122Z] [MNG_SOAP] Embedded error in ZPL: 1353 NO'LU SİPARİŞ KAYDI İÇİN VARIŞ ŞUBESİ BULUNAMAD
[2026-04-22T12:21:37.742Z] [MNG_SOAP] START: Connecting directly to MNG Kargo for Order #1649
[2026-04-22T12:21:40.582Z] [MNG_SOAP] Sending SiparisGirisiDetayliV3 for Order 1649...
[2026-04-22T12:21:41.304Z] [MNG_SOAP] Fetching PDF Barcode for 1649...
[2026-04-22T12:22:18.438Z] [MNG_SOAP] START: Connecting directly to MNG Kargo for Order #1649
[2026-04-22T12:22:21.141Z] [MNG_SOAP] Sending SiparisGirisiDetayliV3 for Order 1649...
[2026-04-22T12:22:21.859Z] [MNG_SOAP] Fetching PDF Barcode for 1649...
[2026-04-22T12:22:22.427Z] [MNG_SOAP] Embedded error in ZPL: 1649 NO'LU SİPARİŞ KAYDI İÇİN VARIŞ ŞUBESİ BULUNAMAD
